******************************************************************************
                  MSP430 Linker PC v18.1.2                     
******************************************************************************
>> Linked Fri Mar  6 17:13:43 2020

OUTPUT FILE NAME:   <BusTP3_2231.out>
ENTRY POINT SYMBOL: "_c_int00_noargs"  address: 0000fa8c


MEMORY CONFIGURATION

         name            origin    length      used     unused   attr    fill
----------------------  --------  ---------  --------  --------  ----  --------
  SFR                   00000000   00000010  00000000  00000010  RWIX
  PERIPHERALS_8BIT      00000010   000000f0  00000000  000000f0  RWIX
  PERIPHERALS_16BIT     00000100   00000100  00000000  00000100  RWIX
  RAM                   00000200   00000080  00000042  0000003e  RWIX
  INFOD                 00001000   00000040  00000000  00000040  RWIX
  INFOC                 00001040   00000040  00000000  00000040  RWIX
  INFOB                 00001080   00000040  00000000  00000040  RWIX
  INFOA                 000010c0   00000040  00000000  00000040  RWIX
  FLASH                 0000f800   000007e0  000002f8  000004e8  RWIX
  INT00                 0000ffe0   00000002  00000000  00000002  RWIX
  INT01                 0000ffe2   00000002  00000000  00000002  RWIX
  INT02                 0000ffe4   00000002  00000002  00000000  RWIX
  INT03                 0000ffe6   00000002  00000002  00000000  RWIX
  INT04                 0000ffe8   00000002  00000002  00000000  RWIX
  INT05                 0000ffea   00000002  00000002  00000000  RWIX
  INT06                 0000ffec   00000002  00000000  00000002  RWIX
  INT07                 0000ffee   00000002  00000000  00000002  RWIX
  INT08                 0000fff0   00000002  00000002  00000000  RWIX
  INT09                 0000fff2   00000002  00000002  00000000  RWIX
  INT10                 0000fff4   00000002  00000002  00000000  RWIX
  INT11                 0000fff6   00000002  00000000  00000002  RWIX
  INT12                 0000fff8   00000002  00000000  00000002  RWIX
  INT13                 0000fffa   00000002  00000000  00000002  RWIX
  INT14                 0000fffc   00000002  00000002  00000000  RWIX
  RESET                 0000fffe   00000002  00000002  00000000  RWIX


SECTION ALLOCATION MAP

 output                                  attributes/
section   page    origin      length       input sections
--------  ----  ----------  ----------   ----------------
.bss       0    00000200    0000000e     UNINITIALIZED
                  00000200    00000004     (.common:sensor)
                  00000204    00000004     (.common:sensor2)
                  00000208    00000002     (.common:distance)
                  0000020a    00000002     (.common:miliseconds1)
                  0000020c    00000002     (.common:miliseconds2)

.stack     0    0000024c    00000034     UNINITIALIZED
                  0000024c    00000002     rts430_eabi.lib : boot.c.obj (.stack)
                  0000024e    00000032     --HOLE--

.text      0    0000f800    000002ee     
                  0000f800    000000e4     main.obj (.text:main)
                  0000f8e4    000000a8     main.obj (.text:Port_1)
                  0000f98c    00000058     rts430_eabi.lib : div32u.asm.obj (.text)
                  0000f9e4    00000042                     : autoinit.c.obj (.text:__TI_auto_init_nobinit_nopinit:__TI_auto_init_nobinit_nopinit)
                  0000fa26    00000040                     : div32s.asm.obj (.text)
                  0000fa66    00000026                     : mult32.asm.obj (.text)
                  0000fa8c    0000001c                     : boot.c.obj (.text:_c_int00_noargs)
                  0000faa8    00000014                     : copy_zero_init.c.obj (.text:decompress:ZI:__TI_zero_init_nomemset:__TI_zero_init_nomemset)
                  0000fabc    00000010                     : epilog.asm.obj (.text)
                  0000facc    0000000e     main.obj (.text:Timer_A)
                  0000fada    00000008     rts430_eabi.lib : isr_trap.asm.obj (.text:_isr:__TI_ISR_TRAP)
                  0000fae2    00000006                     : exit.c.obj (.text:abort)
                  0000fae8    00000004                     : pre_init.c.obj (.text:_system_pre_init)
                  0000faec    00000002                     : startup.c.obj (.text:_system_post_cinit)

.cinit     0    0000faee    0000000a     
                  0000faee    00000004     (.cinit..bss.load) [load image, compression = zero_init]
                  0000faf2    00000002     (__TI_handler_table)
                  0000faf4    00000004     (__TI_cinit_table)

.binit     0    0000f800    00000000     

.init_array 
*          0    0000f800    00000000     UNINITIALIZED

PORT1      0    0000ffe4    00000002     
                  0000ffe4    00000002     main.obj (.int02)

PORT2      0    0000ffe6    00000002     
                  0000ffe6    00000002     rts430_eabi.lib : int03.asm.obj (.int03)

USI        0    0000ffe8    00000002     
                  0000ffe8    00000002     rts430_eabi.lib : int04.asm.obj (.int04)

ADC10      0    0000ffea    00000002     
                  0000ffea    00000002     rts430_eabi.lib : int05.asm.obj (.int05)

TIMERA1    0    0000fff0    00000002     
                  0000fff0    00000002     rts430_eabi.lib : int08.asm.obj (.int08)

TIMERA0    0    0000fff2    00000002     
                  0000fff2    00000002     main.obj (.int09)

WDT        0    0000fff4    00000002     
                  0000fff4    00000002     rts430_eabi.lib : int10.asm.obj (.int10)

NMI        0    0000fffc    00000002     
                  0000fffc    00000002     rts430_eabi.lib : int14.asm.obj (.int14)

.reset     0    0000fffe    00000002     
                  0000fffe    00000002     rts430_eabi.lib : boot.c.obj (.reset)

MODULE SUMMARY

       Module                 code   ro data   rw data
       ------                 ----   -------   -------
    .\
       main.obj               410    4         14     
    +--+----------------------+------+---------+---------+
       Total:                 410    4         14     
                                                      
    C:\ti\ccsv8\tools\compiler\ti-cgt-msp430_18.1.2.LTS\lib\rts430_eabi.lib
       div32u.asm.obj         88     0         0      
       autoinit.c.obj         66     0         0      
       div32s.asm.obj         64     0         0      
       mult32.asm.obj         38     0         0      
       boot.c.obj             28     2         0      
       copy_zero_init.c.obj   20     0         0      
       epilog.asm.obj         16     0         0      
       isr_trap.asm.obj       8      0         0      
       exit.c.obj             6      0         0      
       pre_init.c.obj         4      0         0      
       int03.asm.obj          0      2         0      
       int04.asm.obj          0      2         0      
       int05.asm.obj          0      2         0      
       int08.asm.obj          0      2         0      
       int10.asm.obj          0      2         0      
       int14.asm.obj          0      2         0      
       startup.c.obj          2      0         0      
    +--+----------------------+------+---------+---------+
       Total:                 340    14        0      
                                                      
       Stack:                 0      0         52     
       Linker Generated:      0      10        0      
    +--+----------------------+------+---------+---------+
       Grand Total:           750    28        66     


LINKER GENERATED COPY TABLES

__TI_cinit_table @ 0000faf4 records: 1, size/record: 4, table size: 4
	.bss: load addr=0000faee, load size=00000004 bytes, run addr=00000200, run size=0000000e bytes, compression=zero_init


LINKER GENERATED HANDLER TABLE

__TI_handler_table @ 0000faf2 records: 1, size/record: 2, table size: 2
	index: 0, handler: __TI_zero_init


GLOBAL SYMBOLS: SORTED ALPHABETICALLY BY Name 

address   name                          
-------   ----                          
0000004a  ADC10AE0                      
000001b0  ADC10CTL0                     
000001b2  ADC10CTL1                     
00000048  ADC10DTC0                     
00000049  ADC10DTC1                     
000001b4  ADC10MEM                      
000001bc  ADC10SA                       
00000057  BCSCTL1                       
00000058  BCSCTL2                       
00000053  BCSCTL3                       
0000fae2  C$$EXIT                       
000010ff  CALBC1_1MHZ                   
000010fe  CALDCO_1MHZ                   
00000056  DCOCTL                        
00000128  FCTL1                         
0000012a  FCTL2                         
0000012c  FCTL3                         
00000000  IE1                           
00000002  IFG1                          
00000022  P1DIR                         
00000025  P1IE                          
00000024  P1IES                         
00000023  P1IFG                         
00000020  P1IN                          
00000021  P1OUT                         
00000027  P1REN                         
00000026  P1SEL                         
0000002a  P2DIR                         
0000002d  P2IE                          
0000002c  P2IES                         
0000002b  P2IFG                         
00000028  P2IN                          
00000029  P2OUT                         
0000002f  P2REN                         
0000002e  P2SEL                         
0000f8e4  Port_1                        
00000172  TACCR0                        
00000174  TACCR1                        
00000162  TACCTL0                       
00000164  TACCTL1                       
00000160  TACTL                         
0000012e  TAIV                          
00000170  TAR                           
0000facc  Timer_A                       
0000007a  USICCTL                       
0000007a  USICKCTL                      
0000007b  USICNT                        
00000078  USICTL                        
00000078  USICTL0                       
00000079  USICTL1                       
0000007c  USISR                         
0000007d  USISRH                        
0000007c  USISRL                        
00000120  WDTCTL                        
00000280  __STACK_END                   
00000034  __STACK_SIZE                  
0000faf4  __TI_CINIT_Base               
0000faf8  __TI_CINIT_Limit              
0000faf2  __TI_Handler_Table_Base       
0000faf4  __TI_Handler_Table_Limit      
0000fada  __TI_ISR_TRAP                 
0000f9e4  __TI_auto_init_nobinit_nopinit
0000ffe4  __TI_int02                    
0000ffe6  __TI_int03                    
0000ffe8  __TI_int04                    
0000ffea  __TI_int05                    
0000fff0  __TI_int08                    
0000fff2  __TI_int09                    
0000fff4  __TI_int10                    
0000fffc  __TI_int14                    
ffffffff  __TI_pprof_out_hndl           
ffffffff  __TI_prof_data_size           
ffffffff  __TI_prof_data_start          
0000faa8  __TI_zero_init_nomemset       
ffffffff  __c_args__                    
0000fa26  __mspabi_divli                
0000f98c  __mspabi_divul                
0000fac8  __mspabi_func_epilog_1        
0000fac6  __mspabi_func_epilog_2        
0000fac4  __mspabi_func_epilog_3        
0000fac2  __mspabi_func_epilog_4        
0000fac0  __mspabi_func_epilog_5        
0000fabe  __mspabi_func_epilog_6        
0000fabc  __mspabi_func_epilog_7        
0000fa66  __mspabi_mpyl                 
0000fa66  __mspabi_mpyl_sw              
0000fa26  __mspabi_remli                
0000f98c  __mspabi_remul                
0000fa8c  _c_int00_noargs               
0000fffe  _reset_vector                 
0000024c  _stack                        
0000faec  _system_post_cinit            
0000fae8  _system_pre_init              
0000fae2  abort                         
00000208  distance                      
0000f800  main                          
0000020a  miliseconds1                  
0000020c  miliseconds2                  
00000200  sensor                        
00000204  sensor2                       


GLOBAL SYMBOLS: SORTED BY Symbol Address 

address   name                          
-------   ----                          
00000000  IE1                           
00000002  IFG1                          
00000020  P1IN                          
00000021  P1OUT                         
00000022  P1DIR                         
00000023  P1IFG                         
00000024  P1IES                         
00000025  P1IE                          
00000026  P1SEL                         
00000027  P1REN                         
00000028  P2IN                          
00000029  P2OUT                         
0000002a  P2DIR                         
0000002b  P2IFG                         
0000002c  P2IES                         
0000002d  P2IE                          
0000002e  P2SEL                         
0000002f  P2REN                         
00000034  __STACK_SIZE                  
00000048  ADC10DTC0                     
00000049  ADC10DTC1                     
0000004a  ADC10AE0                      
00000053  BCSCTL3                       
00000056  DCOCTL                        
00000057  BCSCTL1                       
00000058  BCSCTL2                       
00000078  USICTL                        
00000078  USICTL0                       
00000079  USICTL1                       
0000007a  USICCTL                       
0000007a  USICKCTL                      
0000007b  USICNT                        
0000007c  USISR                         
0000007c  USISRL                        
0000007d  USISRH                        
00000120  WDTCTL                        
00000128  FCTL1                         
0000012a  FCTL2                         
0000012c  FCTL3                         
0000012e  TAIV                          
00000160  TACTL                         
00000162  TACCTL0                       
00000164  TACCTL1                       
00000170  TAR                           
00000172  TACCR0                        
00000174  TACCR1                        
000001b0  ADC10CTL0                     
000001b2  ADC10CTL1                     
000001b4  ADC10MEM                      
000001bc  ADC10SA                       
00000200  sensor                        
00000204  sensor2                       
00000208  distance                      
0000020a  miliseconds1                  
0000020c  miliseconds2                  
0000024c  _stack                        
00000280  __STACK_END                   
000010fe  CALDCO_1MHZ                   
000010ff  CALBC1_1MHZ                   
0000f800  main                          
0000f8e4  Port_1                        
0000f98c  __mspabi_divul                
0000f98c  __mspabi_remul                
0000f9e4  __TI_auto_init_nobinit_nopinit
0000fa26  __mspabi_divli                
0000fa26  __mspabi_remli                
0000fa66  __mspabi_mpyl                 
0000fa66  __mspabi_mpyl_sw              
0000fa8c  _c_int00_noargs               
0000faa8  __TI_zero_init_nomemset       
0000fabc  __mspabi_func_epilog_7        
0000fabe  __mspabi_func_epilog_6        
0000fac0  __mspabi_func_epilog_5        
0000fac2  __mspabi_func_epilog_4        
0000fac4  __mspabi_func_epilog_3        
0000fac6  __mspabi_func_epilog_2        
0000fac8  __mspabi_func_epilog_1        
0000facc  Timer_A                       
0000fada  __TI_ISR_TRAP                 
0000fae2  C$$EXIT                       
0000fae2  abort                         
0000fae8  _system_pre_init              
0000faec  _system_post_cinit            
0000faf2  __TI_Handler_Table_Base       
0000faf4  __TI_CINIT_Base               
0000faf4  __TI_Handler_Table_Limit      
0000faf8  __TI_CINIT_Limit              
0000ffe4  __TI_int02                    
0000ffe6  __TI_int03                    
0000ffe8  __TI_int04                    
0000ffea  __TI_int05                    
0000fff0  __TI_int08                    
0000fff2  __TI_int09                    
0000fff4  __TI_int10                    
0000fffc  __TI_int14                    
0000fffe  _reset_vector                 
ffffffff  __TI_pprof_out_hndl           
ffffffff  __TI_prof_data_size           
ffffffff  __TI_prof_data_start          
ffffffff  __c_args__                    

[100 symbols]
